// Jest Snapshot v1, https://goo.gl/fbAQLP

exports[`Simple test should be true 1`] = `null`;
