// Jest Snapshot v1, https://goo.gl/fbAQLP

exports[`Switch Account Type Modal displays spinner when network list is loading 1`] = `
<View
  onLayout={[Function]}
  style={
    [
      {
        "bottom": 0,
        "justifyContent": "flex-end",
        "left": 0,
        "position": "absolute",
        "right": 0,
        "top": 0,
      },
      {
        "paddingBottom": 0,
      },
    ]
  }
>
  <View
    style={
      [
        {
          "backgroundColor": "#00000066",
          "bottom": 0,
          "left": 0,
          "position": "absolute",
          "right": 0,
          "top": 0,
        },
        {
          "opacity": 0,
        },
      ]
    }
  >
    <TouchableOpacity
      onPress={[Function]}
      style={
        {
          "flex": 1,
        }
      }
    />
  </View>
  <View
    onLayout={[Function]}
    style={
      [
        {
          "bottom": 0,
          "left": 0,
          "position": "absolute",
          "right": 0,
        },
        {
          "paddingBottom": 0,
        },
      ]
    }
  >
    <View
      collapsable={false}
      onGestureHandlerEvent={[Function]}
      onGestureHandlerStateChange={[Function]}
      onLayout={[Function]}
      style={
        [
          {
            "backgroundColor": "#ffffff",
            "borderColor": "#b7bbc866",
            "borderTopLeftRadius": 8,
            "borderTopRightRadius": 8,
            "borderWidth": 1,
            "maxHeight": 1334,
            "overflow": "hidden",
            "paddingBottom": 0,
            "shadowColor": "#0000001a",
            "shadowOffset": {
              "height": 2,
              "width": 0,
            },
            "shadowOpacity": 1,
            "shadowRadius": 40,
          },
          {
            "transform": [
              {
                "translateY": 1334,
              },
            ],
          },
        ]
      }
    >
      <View
        style={
          {
            "alignItems": "center",
            "alignSelf": "stretch",
            "padding": 4,
          }
        }
      >
        <View
          style={
            {
              "backgroundColor": "#b7bbc866",
              "borderRadius": 2,
              "height": 4,
              "width": 40,
            }
          }
        />
      </View>
      <View
        style={
          {
            "marginBottom": 16,
            "marginTop": 24,
          }
        }
      >
        <View
          style={
            {
              "alignItems": "center",
              "backgroundColor": "#ffffff",
              "bottom": 0,
              "justifyContent": "center",
              "left": 0,
              "position": "absolute",
              "right": 0,
              "top": 0,
            }
          }
        >
          <ActivityIndicator
            color="#4459ff"
            size="large"
          />
        </View>
      </View>
    </View>
  </View>
</View>
`;
