// Jest Snapshot v1, https://goo.gl/fbAQLP

exports[`ButtonPrimary render matches latest snapshot 1`] = `
<TouchableOpacity
  accessibilityRole="button"
  accessible={true}
  activeOpacity={1}
  disabled={false}
  onPress={[Function]}
  onPressIn={[Function]}
  onPressOut={[Function]}
  style={
    {
      "alignItems": "center",
      "alignSelf": "flex-start",
      "backgroundColor": "#0376c9",
      "borderRadius": 20,
      "flexDirection": "row",
      "height": 40,
      "justifyContent": "center",
      "paddingHorizontal": 16,
    }
  }
>
  <Text
    accessibilityRole="text"
    style={
      {
        "color": "#ffffff",
        "fontFamily": "EuclidCircularB-Medium",
        "fontSize": 14,
        "fontWeight": "500",
        "letterSpacing": 0,
        "lineHeight": 22,
      }
    }
  >
    Sample label
  </Text>
</TouchableOpacity>
`;
