// Jest Snapshot v1, https://goo.gl/fbAQLP

exports[`NftOptions should render correctly 1`] = `
<View
  style={
    {
      "bottom": 0,
      "left": 0,
      "position": "absolute",
      "right": 0,
      "top": 0,
    }
  }
>
  <View
    style={
      [
        {
          "backgroundColor": "#00000066",
          "bottom": 0,
          "left": 0,
          "position": "absolute",
          "right": 0,
          "top": 0,
        },
        {
          "opacity": undefined,
        },
      ]
    }
  />
  <View
    collapsable={false}
    onGestureHandlerEvent={[Function]}
    onGestureHandlerStateChange={[Function]}
    style={
      [
        [
          {
            "bottom": 0,
            "left": 0,
            "position": "absolute",
            "right": 0,
            "top": 0,
          },
          {
            "transform": [
              {
                "translateY": 1334,
              },
            ],
          },
        ],
        {
          "justifyContent": "flex-end",
        },
      ]
    }
  >
    <TouchableOpacity
      disabled={false}
      onPress={[Function]}
      style={
        {
          "bottom": 0,
          "left": 0,
          "position": "absolute",
          "right": 0,
          "top": 0,
        }
      }
    />
    <View
      style={
        [
          {
            "backgroundColor": "#ffffff",
            "borderTopLeftRadius": 20,
            "borderTopRightRadius": 20,
          },
          {
            "paddingBottom": 0,
          },
        ]
      }
    >
      <View
        style={
          {
            "alignSelf": "center",
            "backgroundColor": "#b7bbc8",
            "borderRadius": 4,
            "height": 5,
            "marginBottom": 16,
            "marginTop": 12,
            "width": 48,
          }
        }
      />
      <View>
        <TouchableOpacity
          onPress={[Function]}
          style={
            {
              "alignItems": "center",
              "flexDirection": "row",
              "padding": 16,
            }
          }
        >
          <SvgMock
            color="#121314"
            height={20}
            name="Export"
            style={
              {
                "color": "#121314",
                "height": 20,
                "marginRight": 16,
                "width": 20,
              }
            }
            width={20}
          />
          <Text
            accessibilityRole="text"
            style={
              {
                "color": "#121314",
                "fontFamily": "CentraNo1-Book",
                "fontSize": 16,
                "fontWeight": "400",
                "letterSpacing": 0,
                "lineHeight": 24,
              }
            }
          >
            View on OpenSea
          </Text>
        </TouchableOpacity>
      </View>
      <View>
        <TouchableOpacity
          onPress={[Function]}
          style={
            {
              "alignItems": "center",
              "flexDirection": "row",
              "padding": 16,
            }
          }
        >
          <SvgMock
            color="#121314"
            height={20}
            name="Trash"
            style={
              {
                "color": "#ca3542",
                "height": 20,
                "marginRight": 16,
                "width": 20,
              }
            }
            width={20}
          />
          <Text
            accessibilityRole="text"
            style={
              {
                "color": "#ca3542",
                "fontFamily": "CentraNo1-Book",
                "fontSize": 16,
                "fontWeight": "400",
                "letterSpacing": 0,
                "lineHeight": 24,
              }
            }
          >
            Remove NFT
          </Text>
        </TouchableOpacity>
      </View>
    </View>
  </View>
</View>
`;
