// Jest Snapshot v1, https://goo.gl/fbAQLP

exports[`SampleFeature render matches snapshot 1`] = `
<RCTScrollView
  style={
    {
      "backgroundColor": "#ffffff",
      "flex": 1,
      "padding": 24,
      "paddingBottom": 48,
    }
  }
>
  <View>
    <Text
      accessibilityRole="text"
      style={
        {
          "color": "#141618",
          "fontFamily": "EuclidCircularB-Bold",
          "fontSize": 24,
          "fontWeight": "700",
          "letterSpacing": 0,
          "lineHeight": 32,
          "marginTop": 16,
        }
      }
    >
      Sample Feature
    </Text>
    <Text
      accessibilityRole="text"
      style={
        {
          "color": "#6a737d",
          "fontFamily": "EuclidCircularB-Regular",
          "fontSize": 14,
          "fontWeight": "400",
          "letterSpacing": 0,
          "lineHeight": 22,
          "marginTop": 8,
        }
      }
    >
      This is a sample feature as a template for developers.
    </Text>
  </View>
</RCTScrollView>
`;
