// Jest Snapshot v1, https://goo.gl/fbAQLP

exports[`AddCustomCollectible should render correctly 1`] = `
<ContextProvider
  value={
    {
      "getServerState": undefined,
      "noopCheck": "once",
      "stabilityCheck": "once",
      "store": {
        "clearActions": [Function],
        "dispatch": [Function],
        "getActions": [Function],
        "getState": [Function],
        "replaceReducer": [Function],
        "subscribe": [Function],
      },
      "subscription": {
        "addNestedSub": [Function],
        "getListeners": [Function],
        "handleChangeWrapper": [Function],
        "isSubscribed": [Function],
        "notifyNestedSubs": [Function],
        "trySubscribe": [Function],
        "tryUnsubscribe": [Function],
      },
    }
  }
>
  <AddCustomCollectible
    chainId="0x1"
    selectedNetwork={
      {
        "blockExplorerUrls": [
          "https://etherscan.io",
        ],
        "chainId": "0x1",
        "defaultBlockExplorerUrlIndex": 0,
        "defaultRpcEndpointIndex": 0,
        "name": "mainnet",
        "nativeCurrency": "ETH",
        "rpcEndpoints": [
          {
            "networkClientId": "mainnet",
            "type": "infura",
            "url": "https://mainnet.infura.io/v3/{infuraProjectId}",
          },
        ],
      }
    }
    setOpenNetworkSelector={[MockFunction]}
  />
</ContextProvider>
`;
