// Jest Snapshot v1, https://goo.gl/fbAQLP

exports[`AddressList should render correctly 1`] = `
<View
  style={
    {
      "backgroundColor": "#ffffff",
      "flex": 1,
    }
  }
>
  <RCTScrollView
    automaticallyAdjustContentInsets={false}
    contentInset={
      {
        "bottom": 0,
      }
    }
    enableAutomaticScroll={true}
    enableOnAndroid={false}
    enableResetScrollToCoords={true}
    extraHeight={75}
    extraScrollHeight={0}
    getScrollResponder={[Function]}
    handleOnScroll={[Function]}
    keyboardDismissMode="interactive"
    keyboardOpeningTime={250}
    keyboardShouldPersistTaps="handled"
    keyboardSpace={0}
    onScroll={[Function]}
    resetKeyboardSpace={[Function]}
    scrollEventThrottle={1}
    scrollForExtraHeightOnAndroid={[Function]}
    scrollIntoView={[Function]}
    scrollToEnd={[Function]}
    scrollToFocusedInput={[Function]}
    scrollToPosition={[Function]}
    showsVerticalScrollIndicator={true}
    style={
      {
        "flexGrow": 1,
      }
    }
    update={[Function]}
    viewIsInsideTabBar={false}
  >
    <View>
      <View
        style={
          {
            "marginTop": 16,
          }
        }
      >
        <Text
          accessibilityRole="text"
          style={
            {
              "color": "#686e7d",
              "fontFamily": "CentraNo1-Medium",
              "fontSize": 18,
              "fontWeight": "500",
              "letterSpacing": 0,
              "lineHeight": 24,
              "marginHorizontal": 16,
              "paddingBottom": 8,
            }
          }
        >
          Your Accounts
        </Text>
        <TouchableOpacity
          onLongPress={[Function]}
          onPress={[Function]}
          style={
            {
              "flexDirection": "row",
              "padding": 16,
            }
          }
          testID="my-account-element"
        >
          <View
            style={
              {
                "paddingRight": 16,
              }
            }
          >
            <View
              placeholderStyle={
                {
                  "backgroundColor": "#f3f5f9",
                }
              }
              useNativeDriver={true}
            >
              <View
                onLoadEnd={[Function]}
              >
                <View
                  style={
                    [
                      {
                        "overflow": "hidden",
                      },
                      {
                        "backgroundColor": "#C7144F",
                        "borderRadius": 14,
                        "height": 28,
                        "width": 28,
                      },
                      undefined,
                    ]
                  }
                >
                  <RNSVGSvgView
                    bbHeight={28}
                    bbWidth={28}
                    focusable={false}
                    height={28}
                    style={
                      [
                        {
                          "backgroundColor": "transparent",
                          "borderWidth": 0,
                        },
                        {
                          "flex": 0,
                          "height": 28,
                          "width": 28,
                        },
                      ]
                    }
                    width={28}
                  >
                    <RNSVGGroup
                      fill={
                        {
                          "payload": 4278190080,
                          "type": 0,
                        }
                      }
                    >
                      <RNSVGRect
                        fill={
                          {
                            "payload": 4294711651,
                            "type": 0,
                          }
                        }
                        height={28}
                        matrix={
                          [
                            0.46329603511986217,
                            0.8862035792312145,
                            -0.8862035792312145,
                            0.46329603511986217,
                            25.43421693233518,
                            -7.25427791782384,
                          ]
                        }
                        propList={
                          [
                            "fill",
                          ]
                        }
                        width={28}
                        x={0}
                        y={0}
                      />
                      <RNSVGRect
                        fill={
                          {
                            "payload": 4280576225,
                            "type": 0,
                          }
                        }
                        height={28}
                        matrix={
                          [
                            -0.5778576243835052,
                            0.8161375900801603,
                            -0.8161375900801603,
                            -0.5778576243835052,
                            45.16764625304854,
                            15.084127707610577,
                          ]
                        }
                        propList={
                          [
                            "fill",
                          ]
                        }
                        width={28}
                        x={0}
                        y={0}
                      />
                      <RNSVGRect
                        fill={
                          {
                            "payload": 4278407261,
                            "type": 0,
                          }
                        }
                        height={28}
                        matrix={
                          [
                            0.7046342099635947,
                            -0.7095707365365209,
                            0.7095707365365209,
                            0.7046342099635947,
                            -22.07250385093141,
                            -4.034648019398318,
                          ]
                        }
                        propList={
                          [
                            "fill",
                          ]
                        }
                        width={28}
                        x={0}
                        y={0}
                      />
                    </RNSVGGroup>
                  </RNSVGSvgView>
                </View>
              </View>
              <View
                collapsable={false}
                style={
                  {
                    "bottom": 0,
                    "left": 0,
                    "opacity": 1,
                    "position": "absolute",
                    "right": 0,
                    "top": 0,
                  }
                }
              >
                <View
                  style={
                    [
                      {},
                      {
                        "backgroundColor": "#eee",
                      },
                      {
                        "backgroundColor": "#f3f5f9",
                      },
                    ]
                  }
                />
              </View>
            </View>
          </View>
          <View
            style={
              {
                "flex": 1,
                "flexDirection": "column",
              }
            }
          >
            <View
              style={
                {
                  "alignItems": "center",
                  "flexDirection": "row",
                  "justifyContent": "flex-start",
                }
              }
            >
              <Text
                accessibilityRole="text"
                numberOfLines={1}
                style={
                  {
                    "color": "#121314",
                    "flex": 1,
                    "fontFamily": "CentraNo1-Book",
                    "fontSize": 16,
                    "fontWeight": "400",
                    "letterSpacing": 0,
                    "lineHeight": 24,
                  }
                }
              >
                Account 1
              </Text>
            </View>
            <Text
              accessibilityRole="text"
              numberOfLines={1}
              style={
                {
                  "color": "#686e7d",
                  "fontFamily": "CentraNo1-Book",
                  "fontSize": 16,
                  "fontWeight": "400",
                  "letterSpacing": 0,
                  "lineHeight": 24,
                }
              }
            >
              0xC4955...4D272
            </Text>
          </View>
        </TouchableOpacity>
      </View>
    </View>
  </RCTScrollView>
</View>
`;
