// Jest Snapshot v1, https://goo.gl/fbAQLP

exports[`AccountConnectMultiSelector renders correctly 1`] = `
<RCTSafeAreaView>
  <View
    style={
      {
        "height": "100%",
      }
    }
  >
    <View
      style={
        {
          "alignItems": "center",
          "backgroundColor": "#ffffff",
          "flexDirection": "row",
          "height": 32,
          "justifyContent": "space-between",
          "margin": 16,
        }
      }
    >
      <View
        style={
          {
            "flex": 1,
          }
        }
      >
        <TouchableOpacity
          accessible={true}
          activeOpacity={1}
          disabled={false}
          onPress={[MockFunction]}
          onPressIn={[Function]}
          onPressOut={[Function]}
          style={
            {
              "alignItems": "center",
              "borderRadius": 8,
              "height": 24,
              "justifyContent": "center",
              "opacity": 1,
              "width": 24,
            }
          }
          testID="sheet-header-back-button"
        >
          <SvgMock
            color="#121314"
            height={16}
            name="ArrowLeft"
            style={
              {
                "height": 16,
                "width": 16,
              }
            }
            width={16}
          />
        </TouchableOpacity>
      </View>
      <Text
        accessibilityRole="text"
        style={
          {
            "color": "#121314",
            "fontFamily": "CentraNo1-Bold",
            "fontSize": 18,
            "fontWeight": "700",
            "letterSpacing": 0,
            "lineHeight": 24,
          }
        }
      >
        Connect accounts
      </Text>
      <View
        style={
          {
            "alignItems": "flex-end",
            "flex": 1,
          }
        }
      />
    </View>
    <View
      style={
        {
          "paddingHorizontal": 16,
        }
      }
    >
      <Text
        accessibilityRole="text"
        style={
          {
            "color": "#686e7d",
            "fontFamily": "CentraNo1-Book",
            "fontSize": 16,
            "fontWeight": "400",
            "letterSpacing": 0,
            "lineHeight": 24,
            "marginVertical": 8,
            "textAlign": "center",
          }
        }
      >
        Select the account(s) to use on this site:
      </Text>
      <View>
        <TouchableOpacity
          disabled={false}
          onPress={[Function]}
          style={
            {
              "alignItems": "center",
              "flexDirection": "row",
              "height": 24,
              "marginLeft": 0,
              "marginVertical": 12,
              "opacity": 1,
            }
          }
        >
          <View
            accessibilityRole="checkbox"
            style={
              {
                "alignItems": "center",
                "backgroundColor": "#4459ff",
                "borderColor": "#4459ff",
                "borderRadius": 4,
                "borderWidth": 2,
                "height": 20,
                "justifyContent": "center",
                "width": 20,
              }
            }
          >
            <SvgMock
              color="#ffffff"
              height={20}
              name="MinusBold"
              onPress={[Function]}
              style={
                {
                  "height": 20,
                  "width": 20,
                }
              }
              testID="checkbox-icon-component"
              width={20}
            />
          </View>
          <View
            style={
              {
                "marginLeft": 12,
              }
            }
          >
            <Text
              accessibilityRole="text"
              style={
                {
                  "color": "#121314",
                  "fontFamily": "CentraNo1-Book",
                  "fontSize": 16,
                  "fontWeight": "400",
                  "letterSpacing": 0,
                  "lineHeight": 24,
                }
              }
            >
              Select all
            </Text>
          </View>
        </TouchableOpacity>
      </View>
    </View>
    <RCTScrollView
      collapsable={false}
      data={
        [
          {
            "address": "0x1234",
            "balance": "0x1",
            "isSelected": false,
            "name": "Account 1",
            "type": "Simple Key Pair",
            "yOffset": 0,
          },
          {
            "address": "0x5678",
            "balance": "0x2",
            "isSelected": false,
            "name": "Account 2",
            "type": "Simple Key Pair",
            "yOffset": 0,
          },
        ]
      }
      getItem={[Function]}
      getItemCount={[Function]}
      initialNumToRender={999}
      keyExtractor={[Function]}
      onContentSizeChange={[Function]}
      onGestureHandlerEvent={[Function]}
      onGestureHandlerStateChange={[Function]}
      onLayout={[Function]}
      onMomentumScrollBegin={[Function]}
      onMomentumScrollEnd={[Function]}
      onScroll={[Function]}
      onScrollBeginDrag={[Function]}
      onScrollEndDrag={[Function]}
      removeClippedSubviews={false}
      renderItem={[Function]}
      renderScrollComponent={[Function]}
      scrollEventThrottle={50}
      stickyHeaderIndices={[]}
      testID="account-list"
      viewabilityConfigCallbackPairs={[]}
    >
      <View>
        <View
          onFocusCapture={[Function]}
          onLayout={[Function]}
          style={null}
        >
          <TouchableOpacity
            buttonProps={
              {
                "buttonTestId": "main-wallet-account-actions-0",
                "onButtonClick": [Function],
              }
            }
            onLongPress={[Function]}
            onPress={[Function]}
            showSecondaryTextIcon={false}
            style={
              {
                "backgroundColor": "#ffffff",
                "borderRadius": 4,
                "opacity": 1,
                "padding": 16,
              }
            }
            testID="cellmultiselect"
          >
            <View
              accessibilityRole="none"
              accessible={true}
              style={
                {
                  "padding": 0,
                }
              }
            >
              <View
                style={
                  {
                    "alignItems": "center",
                    "flexDirection": "row",
                  }
                }
              >
                <TouchableOpacity
                  disabled={false}
                  onPressIn={[Function]}
                  style={
                    {
                      "alignItems": "center",
                      "flexDirection": "row",
                      "height": 24,
                      "marginRight": -8,
                      "opacity": 1,
                    }
                  }
                >
                  <View
                    accessibilityRole="checkbox"
                    style={
                      {
                        "alignItems": "center",
                        "backgroundColor": "#4459ff",
                        "borderColor": "#4459ff",
                        "borderRadius": 4,
                        "borderWidth": 2,
                        "height": 20,
                        "justifyContent": "center",
                        "width": 20,
                      }
                    }
                  >
                    <SvgMock
                      color="#ffffff"
                      height={20}
                      name="CheckBold"
                      onPressIn={[Function]}
                      style={
                        {
                          "height": 20,
                          "width": 20,
                        }
                      }
                      testID="checkbox-icon-component"
                      width={20}
                    />
                  </View>
                </TouchableOpacity>
                <View
                  accessible={false}
                  style={
                    {
                      "width": 16,
                    }
                  }
                  testID="listitem-gap"
                />
                <View
                  style={
                    {
                      "flex": 1,
                      "flexDirection": "row",
                    }
                  }
                >
                  <View
                    style={
                      {
                        "backgroundColor": "#ffffff",
                        "borderRadius": 16,
                        "height": 32,
                        "marginRight": 16,
                        "overflow": "hidden",
                        "width": 32,
                      }
                    }
                    testID="cellbase-avatar"
                  >
                    <View
                      style={
                        [
                          {
                            "overflow": "hidden",
                          },
                          {
                            "backgroundColor": "#F72401",
                            "borderRadius": 16,
                            "height": 32,
                            "width": 32,
                          },
                          undefined,
                        ]
                      }
                    >
                      <RNSVGSvgView
                        bbHeight={32}
                        bbWidth={32}
                        focusable={false}
                        height={32}
                        style={
                          [
                            {
                              "backgroundColor": "transparent",
                              "borderWidth": 0,
                            },
                            {
                              "flex": 0,
                              "height": 32,
                              "width": 32,
                            },
                          ]
                        }
                        width={32}
                      >
                        <RNSVGGroup
                          fill={
                            {
                              "payload": 4278190080,
                              "type": 0,
                            }
                          }
                        >
                          <RNSVGRect
                            fill={
                              {
                                "payload": 4294018050,
                                "type": 0,
                              }
                            }
                            height={32}
                            matrix={
                              [
                                -0.2923717047227371,
                                -0.9563047559630353,
                                0.9563047559630353,
                                -0.2923717047227371,
                                3.9314124245491167,
                                33.91803595917714,
                              ]
                            }
                            propList={
                              [
                                "fill",
                              ]
                            }
                            width={32}
                            x={0}
                            y={0}
                          />
                          <RNSVGRect
                            fill={
                              {
                                "payload": 4294157824,
                                "type": 0,
                              }
                            }
                            height={32}
                            matrix={
                              [
                                -0.21132479645538865,
                                0.9774158942860959,
                                -0.9774158942860959,
                                -0.21132479645538865,
                                42.603154834391255,
                                19.31548277122848,
                              ]
                            }
                            propList={
                              [
                                "fill",
                              ]
                            }
                            width={32}
                            x={0}
                            y={0}
                          />
                          <RNSVGRect
                            fill={
                              {
                                "payload": 4294727936,
                                "type": 0,
                              }
                            }
                            height={32}
                            matrix={
                              [
                                0.9887563810470058,
                                0.14953534344370972,
                                -0.14953534344370972,
                                0.9887563810470058,
                                -11.4311706408563,
                                -29.44153079403052,
                              ]
                            }
                            propList={
                              [
                                "fill",
                              ]
                            }
                            width={32}
                            x={0}
                            y={0}
                          />
                        </RNSVGGroup>
                      </RNSVGSvgView>
                    </View>
                  </View>
                  <View
                    style={
                      {
                        "alignItems": "flex-start",
                        "flex": 1,
                      }
                    }
                  >
                    <Text
                      accessibilityRole="text"
                      numberOfLines={1}
                      style={
                        {
                          "color": "#121314",
                          "fontFamily": "CentraNo1-Book",
                          "fontSize": 16,
                          "fontWeight": "400",
                          "letterSpacing": 0,
                          "lineHeight": 24,
                        }
                      }
                      testID="cellbase-avatar-title"
                    >
                      test1.eth
                    </Text>
                    <Text
                      accessibilityRole="text"
                      numberOfLines={1}
                      style={
                        {
                          "color": "#686e7d",
                          "fontFamily": "CentraNo1-Book",
                          "fontSize": 16,
                          "fontWeight": "400",
                          "letterSpacing": 0,
                          "lineHeight": 24,
                        }
                      }
                    >
                      0x1234...x1234
                    </Text>
                  </View>
                </View>
              </View>
            </View>
            <View
              accessibilityRole="checkbox"
              accessible={true}
              style={
                {
                  "backgroundColor": "#4459ff1a",
                  "bottom": 0,
                  "flexDirection": "row",
                  "left": 0,
                  "position": "absolute",
                  "right": 0,
                  "top": 0,
                }
              }
            />
          </TouchableOpacity>
        </View>
        <View
          onFocusCapture={[Function]}
          onLayout={[Function]}
          style={null}
        >
          <TouchableOpacity
            buttonProps={
              {
                "buttonTestId": "main-wallet-account-actions-1",
                "onButtonClick": [Function],
              }
            }
            onLongPress={[Function]}
            onPress={[Function]}
            showSecondaryTextIcon={false}
            style={
              {
                "backgroundColor": "#ffffff",
                "borderRadius": 4,
                "opacity": 1,
                "padding": 16,
              }
            }
            testID="cellmultiselect"
          >
            <View
              accessibilityRole="none"
              accessible={true}
              style={
                {
                  "padding": 0,
                }
              }
            >
              <View
                style={
                  {
                    "alignItems": "center",
                    "flexDirection": "row",
                  }
                }
              >
                <TouchableOpacity
                  disabled={false}
                  onPressIn={[Function]}
                  style={
                    {
                      "alignItems": "center",
                      "flexDirection": "row",
                      "height": 24,
                      "marginRight": -8,
                      "opacity": 1,
                    }
                  }
                >
                  <View
                    accessibilityRole="checkbox"
                    style={
                      {
                        "alignItems": "center",
                        "backgroundColor": "#ffffff",
                        "borderColor": "#121314",
                        "borderRadius": 4,
                        "borderWidth": 2,
                        "height": 20,
                        "justifyContent": "center",
                        "width": 20,
                      }
                    }
                  />
                </TouchableOpacity>
                <View
                  accessible={false}
                  style={
                    {
                      "width": 16,
                    }
                  }
                  testID="listitem-gap"
                />
                <View
                  style={
                    {
                      "flex": 1,
                      "flexDirection": "row",
                    }
                  }
                >
                  <View
                    style={
                      {
                        "backgroundColor": "#ffffff",
                        "borderRadius": 16,
                        "height": 32,
                        "marginRight": 16,
                        "overflow": "hidden",
                        "width": 32,
                      }
                    }
                    testID="cellbase-avatar"
                  >
                    <View
                      style={
                        [
                          {
                            "overflow": "hidden",
                          },
                          {
                            "backgroundColor": "#017B8C",
                            "borderRadius": 16,
                            "height": 32,
                            "width": 32,
                          },
                          undefined,
                        ]
                      }
                    >
                      <RNSVGSvgView
                        bbHeight={32}
                        bbWidth={32}
                        focusable={false}
                        height={32}
                        style={
                          [
                            {
                              "backgroundColor": "transparent",
                              "borderWidth": 0,
                            },
                            {
                              "flex": 0,
                              "height": 32,
                              "width": 32,
                            },
                          ]
                        }
                        width={32}
                      >
                        <RNSVGGroup
                          fill={
                            {
                              "payload": 4278190080,
                              "type": 0,
                            }
                          }
                        >
                          <RNSVGRect
                            fill={
                              {
                                "payload": 4294740992,
                                "type": 0,
                              }
                            }
                            height={32}
                            matrix={
                              [
                                0.22835087011065588,
                                0.9735789028731602,
                                -0.9735789028731602,
                                0.22835087011065588,
                                31.410188562955305,
                                -2.5909613952202437,
                              ]
                            }
                            propList={
                              [
                                "fill",
                              ]
                            }
                            width={32}
                            x={0}
                            y={0}
                          />
                          <RNSVGRect
                            fill={
                              {
                                "payload": 4291236924,
                                "type": 0,
                              }
                            }
                            height={32}
                            matrix={
                              [
                                -0.12186934340514737,
                                0.9925461516413221,
                                -0.9925461516413221,
                                -0.12186934340514737,
                                44.29656540917626,
                                5.665580734505106,
                              ]
                            }
                            propList={
                              [
                                "fill",
                              ]
                            }
                            width={32}
                            x={0}
                            y={0}
                          />
                          <RNSVGRect
                            fill={
                              {
                                "payload": 4294170368,
                                "type": 0,
                              }
                            }
                            height={32}
                            matrix={
                              [
                                -0.978867388761685,
                                -0.2044960518417903,
                                0.2044960518417903,
                                -0.978867388761685,
                                42.76161861053511,
                                56.268492097304716,
                              ]
                            }
                            propList={
                              [
                                "fill",
                              ]
                            }
                            width={32}
                            x={0}
                            y={0}
                          />
                        </RNSVGGroup>
                      </RNSVGSvgView>
                    </View>
                  </View>
                  <View
                    style={
                      {
                        "alignItems": "flex-start",
                        "flex": 1,
                      }
                    }
                  >
                    <Text
                      accessibilityRole="text"
                      numberOfLines={1}
                      style={
                        {
                          "color": "#121314",
                          "fontFamily": "CentraNo1-Book",
                          "fontSize": 16,
                          "fontWeight": "400",
                          "letterSpacing": 0,
                          "lineHeight": 24,
                        }
                      }
                      testID="cellbase-avatar-title"
                    >
                      test2.eth
                    </Text>
                    <Text
                      accessibilityRole="text"
                      numberOfLines={1}
                      style={
                        {
                          "color": "#686e7d",
                          "fontFamily": "CentraNo1-Book",
                          "fontSize": 16,
                          "fontWeight": "400",
                          "letterSpacing": 0,
                          "lineHeight": 24,
                        }
                      }
                    >
                      0x5678...x5678
                    </Text>
                  </View>
                </View>
              </View>
            </View>
          </TouchableOpacity>
        </View>
      </View>
    </RCTScrollView>
    <View
      style={
        {
          "marginBottom": 16,
          "marginHorizontal": 16,
        }
      }
    >
      <TouchableOpacity
        accessibilityRole="button"
        accessible={true}
        activeOpacity={1}
        onPress={[Function]}
        onPressIn={[Function]}
        onPressOut={[Function]}
        style={
          {
            "alignItems": "center",
            "alignSelf": "stretch",
            "backgroundColor": "transparent",
            "borderRadius": 24,
            "flexDirection": "row",
            "height": 48,
            "justifyContent": "center",
            "paddingHorizontal": 16,
          }
        }
        testID="account-list-add-account-button"
      >
        <Text
          accessibilityRole="text"
          style={
            {
              "color": "#4459ff",
              "fontFamily": "CentraNo1-Medium",
              "fontSize": 16,
              "fontWeight": "500",
              "letterSpacing": 0,
              "lineHeight": 24,
            }
          }
        >
          Add account or hardware wallet
        </Text>
      </TouchableOpacity>
    </View>
    <View
      style={
        {
          "paddingHorizontal": 16,
        }
      }
    >
      <View
        style={
          {
            "marginBottom": 0,
            "marginTop": 0,
          }
        }
      >
        <View
          style={
            {
              "flexDirection": "row",
            }
          }
        >
          <TouchableOpacity
            accessibilityRole="button"
            accessible={true}
            activeOpacity={1}
            disabled={true}
            onPress={[Function]}
            onPressIn={[Function]}
            onPressOut={[Function]}
            style={
              {
                "alignItems": "center",
                "alignSelf": "flex-start",
                "backgroundColor": "#4459ff",
                "borderRadius": 24,
                "flex": 1,
                "flexDirection": "row",
                "height": 48,
                "justifyContent": "center",
                "opacity": 0.5,
                "paddingHorizontal": 16,
              }
            }
            testID="multiconnect-connect-button"
          >
            <Text
              accessibilityRole="text"
              style={
                {
                  "color": "#ffffff",
                  "fontFamily": "CentraNo1-Medium",
                  "fontSize": 16,
                  "fontWeight": "500",
                  "letterSpacing": 0,
                  "lineHeight": 24,
                }
              }
            >
              Update
            </Text>
          </TouchableOpacity>
        </View>
      </View>
    </View>
  </View>
</RCTSafeAreaView>
`;
