// Jest Snapshot v1, https://goo.gl/fbAQLP

exports[`BrowserUrlBar should render correctly 1`] = `
<View
  style={
    {
      "alignItems": "center",
      "flexDirection": "row",
    }
  }
>
  <View
    style={
      {
        "alignItems": "center",
        "backgroundColor": "#f2f4f6",
        "borderRadius": 999,
        "flex": 1,
        "flexDirection": "row",
        "marginHorizontal": 16,
      }
    }
    testID="url-input"
  >
    <View
      style={
        {
          "flex": 1,
        }
      }
    >
      <TextInput
        autoCapitalize="none"
        autoCorrect={false}
        keyboardAppearance="light"
        keyboardType="web-search"
        numberOfLines={1}
        onBlur={[Function]}
        onChangeText={[Function]}
        onFocus={[Function]}
        onSubmitEditing={[Function]}
        placeholder="Search or Type URL"
        placeholderTextColor="#9fa6ae"
        returnKeyType="go"
        selectTextOnFocus={true}
        style={
          {
            "color": "#141618",
            "flex": 1,
            "fontFamily": "EuclidCircularB-Regular",
            "fontSize": 14,
            "fontWeight": "400",
            "height": 44,
            "margin": 0,
            "paddingLeft": 16,
            "paddingVertical": 0,
          }
        }
        testID="browser-modal-url-input"
      />
    </View>
    <TouchableOpacity
      accessible={true}
      activeOpacity={1}
      disabled={false}
      hitSlop={
        {
          "bottom": 8,
          "left": 8,
          "right": 8,
          "top": 8,
        }
      }
      onPress={[Function]}
      onPressIn={[Function]}
      onPressOut={[Function]}
      style={
        {
          "alignItems": "center",
          "borderRadius": 8,
          "height": 28,
          "justifyContent": "center",
          "marginLeft": 4,
          "marginRight": 8,
          "opacity": 1,
          "width": 28,
        }
      }
    >
      <SvgMock
        color="#6a737d"
        height={20}
        name="CircleX"
        style={
          {
            "height": 20,
            "width": 20,
          }
        }
        width={20}
      />
    </TouchableOpacity>
  </View>
  <View
    style={
      {
        "height": 50,
        "justifyContent": "center",
      }
    }
  >
    <TouchableOpacity
      hitSlop={
        {
          "bottom": 12,
          "left": 12,
          "right": 12,
          "top": 12,
        }
      }
      onPress={[Function]}
      style={
        {
          "justifyContent": "center",
          "marginRight": 16,
        }
      }
      testID="cancel-url-button"
    >
      <Text
        accessibilityRole="text"
        style={
          {
            "color": "#0376c9",
            "fontFamily": "EuclidCircularB-Regular",
            "fontSize": 14,
            "fontWeight": "400",
            "letterSpacing": 0,
            "lineHeight": 22,
          }
        }
      >
        Cancel
      </Text>
    </TouchableOpacity>
  </View>
</View>
`;
