// Jest Snapshot v1, https://goo.gl/fbAQLP

exports[`BrowserTab should render correctly 1`] = `
<View
  style={
    [
      {
        "backgroundColor": "#ffffff",
        "flex": 1,
      },
      {
        "display": "none",
        "flex": 0,
        "height": 0,
        "opacity": 0,
        "width": 0,
      },
    ]
  }
>
  <View
    style={
      {
        "flex": 1,
        "zIndex": 1,
      }
    }
  />
  <View
    style={
      {
        "height": 3,
        "left": 0,
        "position": "absolute",
        "right": 0,
        "top": 0,
        "width": "100%",
        "zIndex": 999999,
      }
    }
  >
    <View
      collapsable={false}
      style={
        {
          "opacity": 1,
        }
      }
      visible={true}
    >
      <View
        animated={true}
        animationConfig={
          {
            "bounciness": 0,
          }
        }
        animationType="spring"
        indeterminate={false}
        onLayout={[Function]}
        progress={0}
        style={
          [
            {
              "backgroundColor": undefined,
              "borderColor": "#0376c9",
              "borderRadius": 0,
              "borderWidth": 0,
              "overflow": "hidden",
              "width": null,
            },
            undefined,
          ]
        }
        useNativeDriver={true}
      >
        <View
          collapsable={false}
          style={
            {
              "backgroundColor": "#0376c9",
              "height": 3,
              "transform": [
                {
                  "translateX": -0,
                },
                {
                  "translateX": -0,
                },
                {
                  "scaleX": 0.0001,
                },
              ],
            }
          }
        />
      </View>
    </View>
  </View>
</View>
`;
