// Jest Snapshot v1, https://goo.gl/fbAQLP

exports[`AddressElement should render correctly 1`] = `
<TouchableOpacity
  onLongPress={[Function]}
  onPress={[Function]}
  style={
    {
      "flexDirection": "row",
      "padding": 16,
    }
  }
  testID="address-element"
>
  <View
    style={
      {
        "paddingRight": 16,
      }
    }
  >
    <View
      placeholderStyle={
        {
          "backgroundColor": "#f3f5f9",
        }
      }
      useNativeDriver={true}
    >
      <View
        onLoadEnd={[Function]}
      >
        <View
          style={
            [
              {
                "overflow": "hidden",
              },
              {
                "backgroundColor": "#2461E1",
                "borderRadius": 14,
                "height": 28,
                "width": 28,
              },
              undefined,
            ]
          }
        >
          <RNSVGSvgView
            bbHeight={28}
            bbWidth={28}
            focusable={false}
            height={28}
            style={
              [
                {
                  "backgroundColor": "transparent",
                  "borderWidth": 0,
                },
                {
                  "flex": 0,
                  "height": 28,
                  "width": 28,
                },
              ]
            }
            width={28}
          >
            <RNSVGGroup
              fill={
                {
                  "payload": 4278190080,
                  "type": 0,
                }
              }
            >
              <RNSVGRect
                fill={
                  {
                    "payload": 4294711643,
                    "type": 0,
                  }
                }
                height={28}
                matrix={
                  [
                    -0.4210358133674908,
                    -0.9070440142914651,
                    0.9070440142914651,
                    -0.4210358133674908,
                    7.232887218664346,
                    37.44550621380911,
                  ]
                }
                propList={
                  [
                    "fill",
                  ]
                }
                width={28}
                x={0}
                y={0}
              />
              <RNSVGRect
                fill={
                  {
                    "payload": 4278289804,
                    "type": 0,
                  }
                }
                height={28}
                matrix={
                  [
                    -0.8241261886220156,
                    -0.5664062369248329,
                    0.5664062369248329,
                    -0.8241261886220156,
                    25.948192873742563,
                    43.81776533914915,
                  ]
                }
                propList={
                  [
                    "fill",
                  ]
                }
                width={28}
                x={0}
                y={0}
              />
              <RNSVGRect
                fill={
                  {
                    "payload": 4294394881,
                    "type": 0,
                  }
                }
                height={28}
                matrix={
                  [
                    0.6704266189587993,
                    -0.7419758409756162,
                    0.7419758409756162,
                    0.6704266189587993,
                    7.133320831361566,
                    -0.6911841087092085,
                  ]
                }
                propList={
                  [
                    "fill",
                  ]
                }
                width={28}
                x={0}
                y={0}
              />
            </RNSVGGroup>
          </RNSVGSvgView>
        </View>
      </View>
      <View
        collapsable={false}
        style={
          {
            "bottom": 0,
            "left": 0,
            "opacity": 1,
            "position": "absolute",
            "right": 0,
            "top": 0,
          }
        }
      >
        <View
          style={
            [
              {},
              {
                "backgroundColor": "#eee",
              },
              {
                "backgroundColor": "#f3f5f9",
              },
            ]
          }
        />
      </View>
    </View>
  </View>
  <View
    style={
      {
        "flex": 1,
        "flexDirection": "column",
      }
    }
  >
    <View
      style={
        {
          "alignItems": "center",
          "flexDirection": "row",
          "justifyContent": "flex-start",
        }
      }
    >
      <Text
        accessibilityRole="text"
        numberOfLines={1}
        style={
          {
            "color": "#121314",
            "flex": 1,
            "fontFamily": "CentraNo1-Book",
            "fontSize": 16,
            "fontWeight": "400",
            "letterSpacing": 0,
            "lineHeight": 24,
          }
        }
      >
        0xd0185...a78E7
      </Text>
    </View>
  </View>
</TouchableOpacity>
`;
